
> minou-creme@1.0.0 dev
> vite


  [32m[1mVITE[22m v5.4.21[39m  [2mready in [0m[1m680[22m[2m[0m ms[22m

  [32m➜[39m  [1mLocal[22m:   [36mhttp://localhost:[1m5173[22m/[39m
[2m  [32m➜[39m  [1mNetwork[22m[2m: use [22m[1m--host[22m[2m to expose[22m
[2m22.00.17[22m [36m[1m[vite][22m[39m [32mpage reload [39m[2mindex.html[22m
[2m22.02.02[22m [36m[1m[vite][22m[39m [32mpage reload [39m[2msrc/main.js[22m
[2m22.03.25[22m [36m[1m[vite][22m[39m [32mpage reload [39m[2msrc/data/products.js[22m
[2m22.05.06[22m [36m[1m[vite][22m[39m [32mpage reload [39m[2mindex.html[22m
[2m22.05.07[22m [36m[1m[vite][22m[39m [32mpage reload [39m[2msrc/main.js[22m
[2m01.30.51[22m [36m[1m[vite][22m[39m [32mpage reload [39m[2mindex.html[22m
[2m01.31.24[22m [36m[1m[vite][22m[39m [32mpage reload [39m[2msrc/main.js[22m
[2m01.31.24[22m [36m[1m[vite][22m[39m [32mpage reload [39m[2msrc/config.js[22m
[2m01.31.25[22m [36m[1m[vite][22m[39m [32mpage reload [39m[2msrc/data/products.js[22m
[2m01.31.25[22m [36m[1m[vite][22m[39m [32mvite.config.js changed, restarting server...[39m
[2m01.31.25[22m [36m[1m[vite][22m[39m server restarted.
[2m01.31.38[22m [36m[1m[vite][22m[39m [32mpage reload [39m[2msrc/data/testimonials.js[22m
[2m01.31.38[22m [36m[1m[vite][22m[39m [32mpage reload [39m[2msrc/data/instagram.js[22m
[2m03.17.10[22m [36m[1m[vite][22m[39m [32mpage reload [39m[2m.freebuff/photo-inspect.html[22m
[2m03.28.46[22m [36m[1m[vite][22m[39m [32mpage reload [39m[2m.freebuff/photo-inspect.html[22m
[2m03.49.31[22m [36m[1m[vite][22m[39m [32mpage reload [39m[2mtailwind.config.js[22m
[2m03.53.15[22m [36m[1m[vite][22m[39m [32mhmr update [39m[2m/src/style.css[22m
[2m03.58.14[22m [36m[1m[vite][22m[39m [32mpage reload [39m[2mindex.html[22m
[2m04.01.55[22m [36m[1m[vite][22m[39m [32mpage reload [39m[2msrc/data/products.js[22m
[2m04.06.16[22m [36m[1m[vite][22m[39m [32mpage reload [39m[2msrc/main.js[22m
[2m04.10.01[22m [36m[1m[vite][22m[39m [32mpage reload [39m[2mindex.html[22m
[2m04.10.01[22m [36m[1m[vite][22m[39m [32mpage reload [39m[2msrc/main.js[22m
[2m04.11.12[22m [36m[1m[vite][22m[39m [32mhmr update [39m[2m/src/style.css[22m
